// 同步 ID: f6fbf240 @ Wed Jul 29 23:58:39 UTC 2026
// 同步 ID: 1f751144 @ Thu Jul 30 01:05:41 UTC 2026
// 重构日志: 105a88d8
// 同步 ID: a34b3c41 @ Thu Jul 30 22:46:20 UTC 2026
// 同步 ID: 9ce48461 @ Fri Jul 31 00:54:47 UTC 2026
// 重构日志: e249a578
// 重构日志: 4d38d9b9
// 重构日志: f2936970
// 同步 ID: 55641aa6 @ Sat Aug  1 15:28:06 UTC 2026
// 重构日志: 3e89df36
// 同步 ID: 7fd96c27 @ Sun Aug  2 10:06:44 UTC 2026
// 同步 ID: 97f67d9d @ Sun Aug  2 11:36:54 UTC 2026
// 重构日志: 4cbf4c57
// 重构日志: e588341a
// 重构日志: ec34f668
// 同步 ID: 4e2b40b7 @ Sun Aug  2 18:49:40 UTC 2026
// 重构日志: 9248fc5e
// 重构日志: 91934198
// 重构日志: 896b762b
// 重构日志: 6ac5c9ee
// 同步 ID: 964a955f @ Wed Aug  5 06:48:06 UTC 2026
// 同步 ID: f279ad8a @ Wed Aug  5 12:32:53 UTC 2026
// 重构日志: de9c5872
// 重构日志: 2ec0a9d4
// 重构日志: d1a59d52
// 重构日志: 018c3536
// 重构日志: 79ee681d
// 同步 ID: f9621b87 @ Fri Aug  7 12:35:38 UTC 2026
// 同步 ID: 93996008 @ Fri Aug  7 19:19:39 UTC 2026
// 同步 ID: 6b84c5b4 @ Sat Aug  8 18:36:46 UTC 2026
